Executing action: all (aliases: build)
Running ninja in directory /root/Programming/Learning/ESP32/lcd_touch/build
Executing "ninja all"...
[1/10] Building C object esp-idf/main/CMakeFiles/__idf_main.dir/src/mod_lvgl.c.obj
FAILED: esp-idf/main/CMakeFiles/__idf_main.dir/src/mod_lvgl.c.obj 
/root/.espressif/tools/xtensa-esp-elf/esp-14.2.0_20241119/xtensa-esp-elf/bin/xtensa-esp32-elf-gcc -DESP_PLATFORM -DIDF_VER=\"v5.5.1\" -DLV_CONF_INCLUDE_SIMPLE -DSET_ENV -DSOC_MMU_PAGE_SIZE=CONFIG_MMU_PAGE_SIZE -DSOC_XTAL_FREQ_MHZ=CONFIG_XTAL_FREQ -D_GLIBCXX_HAVE_POSIX_SEMAPHORE -D_GLIBCXX_USE_POSIX_SEMAPHORE -D_GNU_SOURCE -D_POSIX_READER_WRITER_LOCKS -I/root/Programming/Learning/ESP32/lcd_touch/build/config -I/root/Programming/Learning/ESP32/lcd_touch/main/inc -I/root/esp/esp-idf/components/newlib/platform_include -I/root/esp/esp-idf/components/freertos/config/include -I/root/esp/esp-idf/components/freertos/config/include/freertos -I/root/esp/esp-idf/components/freertos/config/xtensa/include -I/root/esp/esp-idf/components/freertos/FreeRTOS-Kernel/include -I/root/esp/esp-idf/components/freertos/FreeRTOS-Kernel/portable/xtensa/include -I/root/esp/esp-idf/components/freertos/FreeRTOS-Kernel/portable/xtensa/include/freertos -I/root/esp/esp-idf/components/freertos/esp_additions/include -I/root/esp/esp-idf/components/esp_hw_support/include -I/root/esp/esp-idf/components/esp_hw_support/include/soc -I/root/esp/esp-idf/components/esp_hw_support/include/soc/esp32 -I/root/esp/esp-idf/components/esp_hw_support/dma/include -I/root/esp/esp-idf/components/esp_hw_support/ldo/include -I/root/esp/esp-idf/components/esp_hw_support/debug_probe/include -I/root/esp/esp-idf/components/esp_hw_support/mspi_timing_tuning/include -I/root/esp/esp-idf/components/esp_hw_support/mspi_timing_tuning/tuning_scheme_impl/include -I/root/esp/esp-idf/components/esp_hw_support/power_supply/include -I/root/esp/esp-idf/components/esp_hw_support/port/esp32/. -I/root/esp/esp-idf/components/esp_hw_support/port/esp32/include -I/root/esp/esp-idf/components/heap/include -I/root/esp/esp-idf/components/heap/tlsf -I/root/esp/esp-idf/components/log/include -I/root/esp/esp-idf/components/soc/include -I/root/esp/esp-idf/components/soc/esp32 -I/root/esp/esp-idf/components/soc/esp32/include -I/root/esp/esp-idf/components/soc/esp32/register -I/root/esp/esp-idf/components/hal/platform_port/include -I/root/esp/esp-idf/components/hal/esp32/include -I/root/esp/esp-idf/components/hal/include -I/root/esp/esp-idf/components/esp_rom/include -I/root/esp/esp-idf/components/esp_rom/esp32/include -I/root/esp/esp-idf/components/esp_rom/esp32/include/esp32 -I/root/esp/esp-idf/components/esp_rom/esp32 -I/root/esp/esp-idf/components/esp_common/include -I/root/esp/esp-idf/components/esp_system/include -I/root/esp/esp-idf/components/esp_system/port/soc -I/root/esp/esp-idf/components/esp_system/port/include/private -I/root/esp/esp-idf/components/xtensa/esp32/include -I/root/esp/esp-idf/components/xtensa/include -I/root/esp/esp-idf/components/xtensa/deprecated_include -I/root/esp/esp-idf/components/lwip/include -I/root/esp/esp-idf/components/lwip/include/apps -I/root/esp/esp-idf/components/lwip/include/apps/sntp -I/root/esp/esp-idf/components/lwip/lwip/src/include -I/root/esp/esp-idf/components/lwip/port/include -I/root/esp/esp-idf/components/lwip/port/freertos/include -I/root/esp/esp-idf/components/lwip/port/esp32xx/include -I/root/esp/esp-idf/components/lwip/port/esp32xx/include/arch -I/root/esp/esp-idf/components/lwip/port/esp32xx/include/sys -I/root/esp/esp-idf/components/esp_event/include -I/root/esp/esp-idf/components/console -I/root/esp/esp-idf/components/vfs/include -I/root/esp/esp-idf/components/esp_vfs_console/include -I/root/esp/esp-idf/components/nvs_flash/include -I/root/esp/esp-idf/components/esp_partition/include -I/root/esp/esp-idf/components/bt/include/esp32/include -I/root/esp/esp-idf/components/bt/common/osi/include -I/root/esp/esp-idf/components/bt/common/api/include/api -I/root/esp/esp-idf/components/bt/common/btc/profile/esp/blufi/include -I/root/esp/esp-idf/components/bt/common/btc/profile/esp/include -I/root/esp/esp-idf/components/bt/common/hci_log/include -I/root/esp/esp-idf/components/bt/common/ble_log/include -I/root/esp/esp-idf/components/bt/host/nimble/nimble/nimble/host/include -I/root/esp/esp-idf/components/bt/host/nimble/nimble/nimble/include -I/root/esp/esp-idf/components/bt/host/nimble/nimble/nimble/host/services/ans/include -I/root/esp/esp-idf/components/bt/host/nimble/nimble/nimble/host/services/bas/include -I/root/esp/esp-idf/components/bt/host/nimble/nimble/nimble/host/services/dis/include -I/root/esp/esp-idf/components/bt/host/nimble/nimble/nimble/host/services/gap/include -I/root/esp/esp-idf/components/bt/host/nimble/nimble/nimble/host/services/gatt/include -I/root/esp/esp-idf/components/bt/host/nimble/nimble/nimble/host/services/hr/include -I/root/esp/esp-idf/components/bt/host/nimble/nimble/nimble/host/services/htp/include -I/root/esp/esp-idf/components/bt/host/nimble/nimble/nimble/host/services/ias/include -I/root/esp/esp-idf/components/bt/host/nimble/nimble/nimble/host/services/ipss/include -I/root/esp/esp-idf/components/bt/host/nimble/nimble/nimble/host/services/lls/include -I/root/esp/esp-idf/components/bt/host/nimble/nimble/nimble/host/services/prox/include -I/root/esp/esp-idf/components/bt/host/nimble/nimble/nimble/host/services/cts/include -I/root/esp/esp-idf/components/bt/host/nimble/nimble/nimble/host/services/tps/include -I/root/esp/esp-idf/components/bt/host/nimble/nimble/nimble/host/services/hid/include -I/root/esp/esp-idf/components/bt/host/nimble/nimble/nimble/host/services/sps/include -I/root/esp/esp-idf/components/bt/host/nimble/nimble/nimble/host/services/cte/include -I/root/esp/esp-idf/components/bt/host/nimble/nimble/nimble/host/util/include -I/root/esp/esp-idf/components/bt/host/nimble/nimble/nimble/host/store/ram/include -I/root/esp/esp-idf/components/bt/host/nimble/nimble/nimble/host/store/config/include -I/root/esp/esp-idf/components/bt/host/nimble/nimble/porting/nimble/include -I/root/esp/esp-idf/components/bt/host/nimble/port/include -I/root/esp/esp-idf/components/bt/host/nimble/nimble/nimble/transport/include -I/root/esp/esp-idf/components/bt/porting/include -I/root/esp/esp-idf/components/bt/host/nimble/nimble/porting/npl/freertos/include -I/root/esp/esp-idf/components/bt/host/nimble/esp-hci/include -I/root/esp/esp-idf/components/esp_timer/include -I/root/esp/esp-idf/components/esp_wifi/include -I/root/esp/esp-idf/components/esp_wifi/include/local -I/root/esp/esp-idf/components/esp_wifi/wifi_apps/include -I/root/esp/esp-idf/components/esp_wifi/wifi_apps/nan_app/include -I/root/esp/esp-idf/components/esp_phy/include -I/root/esp/esp-idf/components/esp_phy/esp32/include -I/root/esp/esp-idf/components/esp_netif/include -I/root/Programming/Learning/ESP32/lcd_touch/managed_components/atanisoft__esp_lcd_touch_xpt2046/include -I/root/esp/esp-idf/components/driver/deprecated -I/root/esp/esp-idf/components/driver/i2c/include -I/root/esp/esp-idf/components/driver/touch_sensor/include -I/root/esp/esp-idf/components/driver/twai/include -I/root/esp/esp-idf/components/driver/touch_sensor/esp32/include -I/root/esp/esp-idf/components/esp_pm/include -I/root/esp/esp-idf/components/esp_ringbuf/include -I/root/esp/esp-idf/components/esp_driver_gpio/include -I/root/esp/esp-idf/components/esp_driver_pcnt/include -I/root/esp/esp-idf/components/esp_driver_gptimer/include -I/root/esp/esp-idf/components/esp_driver_spi/include -I/root/esp/esp-idf/components/esp_driver_mcpwm/include -I/root/esp/esp-idf/components/esp_driver_ana_cmpr/include -I/root/esp/esp-idf/components/esp_driver_i2s/include -I/root/esp/esp-idf/components/esp_driver_sdmmc/include -I/root/esp/esp-idf/components/sdmmc/include -I/root/esp/esp-idf/components/esp_driver_sdspi/include -I/root/esp/esp-idf/components/esp_driver_sdio/include -I/root/esp/esp-idf/components/esp_driver_dac/include -I/root/esp/esp-idf/components/esp_driver_rmt/include -I/root/esp/esp-idf/components/esp_driver_tsens/include -I/root/esp/esp-idf/components/esp_driver_sdm/include -I/root/esp/esp-idf/components/esp_driver_i2c/include -I/root/esp/esp-idf/components/esp_driver_uart/include -I/root/esp/esp-idf/components/esp_driver_ledc/include -I/root/esp/esp-idf/components/esp_driver_parlio/include -I/root/esp/esp-idf/components/esp_driver_usb_serial_jtag/include -I/root/esp/esp-idf/components/esp_driver_twai/include -I/root/Programming/Learning/ESP32/lcd_touch/managed_components/espressif__esp_lcd_touch/include -I/root/esp/esp-idf/components/esp_lcd/include -I/root/esp/esp-idf/components/esp_lcd/interface -I/root/Programming/Learning/ESP32/lcd_touch/managed_components/espressif__esp_lcd_ili9341/include -I/root/Programming/Learning/ESP32/lcd_touch/managed_components/lvgl__lvgl -I/root/Programming/Learning/ESP32/lcd_touch/managed_components/lvgl__lvgl/src -I/root/Programming/Learning/ESP32/lcd_touch/managed_components -I/root/Programming/Learning/ESP32/lcd_touch/managed_components/lvgl__lvgl/examples -I/root/Programming/Learning/ESP32/lcd_touch/managed_components/lvgl__lvgl/demos -mlongcalls -Wno-frame-address  -fno-builtin-memcpy -fno-builtin-memset -fno-builtin-bzero -fno-builtin-stpcpy -fno-builtin-strncpy -fdiagnostics-color=always -fdiagnostics-color=always -ffunction-sections -fdata-sections -Wall -Werror=all -Wno-error=unused-function -Wno-error=unused-variable -Wno-error=unused-but-set-variable -Wno-error=deprecated-declarations -Wextra -Wno-error=extra -Wno-unused-parameter -Wno-sign-compare -Wno-enum-conversion -gdwarf-4 -ggdb -Og -fno-shrink-wrap -fmacro-prefix-map=/root/Programming/Learning/ESP32/lcd_touch=. -fmacro-prefix-map=/root/esp/esp-idf=/IDF -fstrict-volatile-bitfields -fno-jump-tables -fno-tree-switch-conversion -std=gnu17 -Wno-old-style-declaration -DESP_LCD_ILI9341_VER_MAJOR=1 -DESP_LCD_ILI9341_VER_MINOR=2 -DESP_LCD_ILI9341_VER_PATCH=0 -MD -MT esp-idf/main/CMakeFiles/__idf_main.dir/src/mod_lvgl.c.obj -MF esp-idf/main/CMakeFiles/__idf_main.dir/src/mod_lvgl.c.obj.d -o esp-idf/main/CMakeFiles/__idf_main.dir/src/mod_lvgl.c.obj -c /root/Programming/Learning/ESP32/lcd_touch/main/src/mod_lvgl.c
/root/Programming/Learning/ESP32/lcd_touch/main/src/mod_lvgl.c: In function 'example_lvgl_touch_cb':
/root/Programming/Learning/ESP32/lcd_touch/main/src/mod_lvgl.c:62:3: warning: 'esp_lcd_touch_get_coordinates' is deprecated: This API will be removed in version 2.0.0. Use esp_lcd_touch_get_data instead! [-Wdeprecated-declarations]
   62 |   bool touchpad_pressed = esp_lcd_touch_get_coordinates(
      |   ^~~~
In file included from /root/Programming/Learning/ESP32/lcd_touch/managed_components/atanisoft__esp_lcd_touch_xpt2046/include/esp_lcd_touch_xpt2046.h:10,
                 from /root/Programming/Learning/ESP32/lcd_touch/main/inc/config.h:15,
                 from /root/Programming/Learning/ESP32/lcd_touch/main/src/mod_lvgl.c:2:
/root/Programming/Learning/ESP32/lcd_touch/managed_components/espressif__esp_lcd_touch/include/esp_lcd_touch.h:317:6: note: declared here
  317 | bool esp_lcd_touch_get_coordinates(esp_lcd_touch_handle_t tp, uint16_t *x, uint16_t *y, uint16_t *strength, uint8_t *point_num, uint8_t max_point_num);
      |      ^~~~~~~~~~~~~~~~~~~~~~~~~~~~~
/root/Programming/Learning/ESP32/lcd_touch/main/src/mod_lvgl.c: In function 'lvgl_task':
/root/Programming/Learning/ESP32/lcd_touch/main/src/mod_lvgl.c:309:25: error: implicit declaration of function 'MAX' [-Wimplicit-function-declaration]
  309 |     time_till_next_ms = MAX(time_till_next_ms, LVGL_TASK_MIN_DELAY_MS);
      |                         ^~~
/root/Programming/Learning/ESP32/lcd_touch/main/src/mod_lvgl.c:311:25: error: implicit declaration of function 'MIN' [-Wimplicit-function-declaration]
  311 |     time_till_next_ms = MIN(time_till_next_ms, LVGL_TASK_MAX_DELAY_MS);
      |                         ^~~
[2/10] Performing build step for 'bootloader'
[1/118] Generating project_elf_src_esp32.c
[2/118] Building C object esp-idf/xtensa/CMakeFiles/__idf_xtensa.dir/eri.c.obj
[3/118] Building C object esp-idf/soc/CMakeFiles/__idf_soc.dir/esp32/interrupts.c.obj
[4/118] Building C object esp-idf/soc/CMakeFiles/__idf_soc.dir/esp32/dport_access.c.obj
[5/118] Building C object esp-idf/soc/CMakeFiles/__idf_soc.dir/esp32/sdm_periph.c.obj
[6/118] Building C object esp-idf/soc/CMakeFiles/__idf_soc.dir/dport_access_common.c.obj
[7/118] Building C object esp-idf/soc/CMakeFiles/__idf_soc.dir/esp32/uart_periph.c.obj
[8/118] Building C object esp-idf/soc/CMakeFiles/__idf_soc.dir/esp32/pcnt_periph.c.obj
[9/118] Building C object esp-idf/soc/CMakeFiles/__idf_soc.dir/esp32/i2c_periph.c.obj
[10/118] Building C object esp-idf/soc/CMakeFiles/__idf_soc.dir/esp32/adc_periph.c.obj
[11/118] Building C object esp-idf/soc/CMakeFiles/__idf_soc.dir/esp32/rmt_periph.c.obj
[12/118] Building C object CMakeFiles/bootloader.elf.dir/project_elf_src_esp32.c.obj
[13/118] Building C object esp-idf/soc/CMakeFiles/__idf_soc.dir/lldesc.c.obj
[14/118] Building C object esp-idf/soc/CMakeFiles/__idf_soc.dir/esp32/gpio_periph.c.obj
[15/118] Building C object esp-idf/soc/CMakeFiles/__idf_soc.dir/esp32/emac_periph.c.obj
[16/118] Building C object esp-idf/soc/CMakeFiles/__idf_soc.dir/esp32/spi_periph.c.obj
[17/118] Building C object esp-idf/soc/CMakeFiles/__idf_soc.dir/esp32/ledc_periph.c.obj
[18/118] Building C object esp-idf/soc/CMakeFiles/__idf_soc.dir/esp32/i2s_periph.c.obj
[19/118] Building C object esp-idf/soc/CMakeFiles/__idf_soc.dir/esp32/touch_sensor_periph.c.obj
[20/118] Building C object esp-idf/xtensa/CMakeFiles/__idf_xtensa.dir/xt_trax.c.obj
[21/118] Building C object esp-idf/soc/CMakeFiles/__idf_soc.dir/esp32/timer_periph.c.obj
[22/118] Building C object esp-idf/soc/CMakeFiles/__idf_soc.dir/esp32/lcd_periph.c.obj
[23/118] Building C object esp-idf/soc/CMakeFiles/__idf_soc.dir/esp32/mcpwm_periph.c.obj
[24/118] Building C object esp-idf/soc/CMakeFiles/__idf_soc.dir/esp32/mpi_periph.c.obj
[25/118] Building C object esp-idf/soc/CMakeFiles/__idf_soc.dir/esp32/sdmmc_periph.c.obj
[26/118] Building C object esp-idf/soc/CMakeFiles/__idf_soc.dir/esp32/wdt_periph.c.obj
[27/118] Building C object esp-idf/soc/CMakeFiles/__idf_soc.dir/esp32/dac_periph.c.obj
[28/118] Building C object esp-idf/soc/CMakeFiles/__idf_soc.dir/esp32/power_supply_periph.c.obj
[29/118] Building C object esp-idf/soc/CMakeFiles/__idf_soc.dir/esp32/twai_periph.c.obj
[30/118] Building C object esp-idf/soc/CMakeFiles/__idf_soc.dir/esp32/rtc_io_periph.c.obj
[31/118] Building C object esp-idf/soc/CMakeFiles/__idf_soc.dir/esp32/sdio_slave_periph.c.obj
[32/118] Building C object esp-idf/esp_bootloader_format/CMakeFiles/__idf_esp_bootloader_format.dir/esp_bootloader_desc.c.obj
[33/118] Building C object esp-idf/spi_flash/CMakeFiles/__idf_spi_flash.dir/spi_flash_wrap.c.obj
[34/118] Building C object esp-idf/bootloader_support/CMakeFiles/__idf_bootloader_support.dir/src/bootloader_mem.c.obj
[35/118] Building C object esp-idf/hal/CMakeFiles/__idf_hal.dir/mpu_hal.c.obj
[36/118] Building C object esp-idf/bootloader_support/CMakeFiles/__idf_bootloader_support.dir/src/bootloader_efuse.c.obj
[37/118] Building C object esp-idf/hal/CMakeFiles/__idf_hal.dir/efuse_hal.c.obj
[38/118] Building C object esp-idf/bootloader_support/CMakeFiles/__idf_bootloader_support.dir/src/secure_boot.c.obj
[39/118] Building C object esp-idf/hal/CMakeFiles/__idf_hal.dir/esp32/cache_hal_esp32.c.obj
[40/118] Building C object esp-idf/hal/CMakeFiles/__idf_hal.dir/esp32/efuse_hal.c.obj
[41/118] Building C object esp-idf/bootloader_support/CMakeFiles/__idf_bootloader_support.dir/src/bootloader_random.c.obj
[42/118] Building C object esp-idf/hal/CMakeFiles/__idf_hal.dir/hal_utils.c.obj
[43/118] Building C object esp-idf/bootloader_support/CMakeFiles/__idf_bootloader_support.dir/src/bootloader_random_esp32.c.obj
[44/118] Building C object esp-idf/bootloader_support/CMakeFiles/__idf_bootloader_support.dir/src/bootloader_clock_init.c.obj
[45/118] Building C object esp-idf/bootloader_support/CMakeFiles/__idf_bootloader_support.dir/src/flash_partitions.c.obj
[46/118] Building C object esp-idf/bootloader_support/CMakeFiles/__idf_bootloader_support.dir/src/esp32/bootloader_soc.c.obj
[47/118] Building C object esp-idf/bootloader_support/CMakeFiles/__idf_bootloader_support.dir/src/bootloader_clock_loader.c.obj
[48/118] Building C object esp-idf/bootloader_support/CMakeFiles/__idf_bootloader_support.dir/src/bootloader_common_loader.c.obj
[49/118] Building C object esp-idf/hal/CMakeFiles/__idf_hal.dir/wdt_hal_iram.c.obj
[50/118] Building C object esp-idf/bootloader_support/CMakeFiles/__idf_bootloader_support.dir/src/bootloader_console_loader.c.obj
[51/118] Building C object esp-idf/bootloader_support/CMakeFiles/__idf_bootloader_support.dir/src/flash_encrypt.c.obj
[52/118] Building C object esp-idf/bootloader_support/CMakeFiles/__idf_bootloader_support.dir/src/bootloader_sha.c.obj
[53/118] Building C object esp-idf/efuse/CMakeFiles/__idf_efuse.dir/esp32/esp_efuse_fields.c.obj
[54/118] Building C object esp-idf/bootloader_support/CMakeFiles/__idf_bootloader_support.dir/bootloader_flash/src/flash_qio_mode.c.obj
[55/118] Building C object esp-idf/bootloader_support/CMakeFiles/__idf_bootloader_support.dir/src/bootloader_console.c.obj
[56/118] Building C object esp-idf/bootloader_support/CMakeFiles/__idf_bootloader_support.dir/src/bootloader_panic.c.obj
[57/118] Building C object esp-idf/efuse/CMakeFiles/__idf_efuse.dir/esp32/esp_efuse_table.c.obj
[58/118] Building C object esp-idf/bootloader_support/CMakeFiles/__idf_bootloader_support.dir/src/bootloader_common.c.obj
[59/118] Building C object esp-idf/hal/CMakeFiles/__idf_hal.dir/mmu_hal.c.obj
[60/118] Building C object esp-idf/esp_system/CMakeFiles/__idf_esp_system.dir/esp_err.c.obj
[61/118] Building C object esp-idf/esp_hw_support/CMakeFiles/__idf_esp_hw_support.dir/port/esp32/cpu_region_protect.c.obj
[62/118] Building C object esp-idf/esp_hw_support/CMakeFiles/__idf_esp_hw_support.dir/esp_memory_utils.c.obj
[63/118] Building C object esp-idf/efuse/CMakeFiles/__idf_efuse.dir/src/esp_efuse_fields.c.obj
[64/118] Building C object esp-idf/bootloader_support/CMakeFiles/__idf_bootloader_support.dir/src/bootloader_init.c.obj
[65/118] Building C object esp-idf/bootloader_support/CMakeFiles/__idf_bootloader_support.dir/bootloader_flash/src/bootloader_flash_config_esp32.c.obj
[66/118] Building C object esp-idf/bootloader_support/CMakeFiles/__idf_bootloader_support.dir/src/esp32/bootloader_esp32.c.obj
[67/118] Building C object esp-idf/esp_rom/CMakeFiles/__idf_esp_rom.dir/patches/esp_rom_crc.c.obj
[68/118] Building C object esp-idf/esp_hw_support/CMakeFiles/__idf_esp_hw_support.dir/port/esp32/esp_cpu_intr.c.obj
[69/118] Building C object esp-idf/esp_hw_support/CMakeFiles/__idf_esp_hw_support.dir/cpu.c.obj
[70/118] Building C object esp-idf/bootloader_support/CMakeFiles/__idf_bootloader_support.dir/bootloader_flash/src/bootloader_flash.c.obj
[71/118] Building C object esp-idf/efuse/CMakeFiles/__idf_efuse.dir/src/efuse_controller/keys/without_key_purposes/three_key_blocks/esp_efuse_api_key.c.obj
[72/118] Building C object esp-idf/esp_rom/CMakeFiles/__idf_esp_rom.dir/patches/esp_rom_efuse.c.obj
[73/118] Building C object esp-idf/efuse/CMakeFiles/__idf_efuse.dir/src/esp_efuse_api.c.obj
[74/118] Building C object esp-idf/esp_hw_support/CMakeFiles/__idf_esp_hw_support.dir/port/esp32/chip_info.c.obj
[75/118] Building C object esp-idf/efuse/CMakeFiles/__idf_efuse.dir/esp32/esp_efuse_utility.c.obj
[76/118] Building ASM object esp-idf/esp_rom/CMakeFiles/__idf_esp_rom.dir/patches/esp_rom_longjmp.S.obj
[77/118] Building C object esp-idf/esp_rom/CMakeFiles/__idf_esp_rom.dir/patches/esp_rom_sys.c.obj
[78/118] Building C object esp-idf/esp_rom/CMakeFiles/__idf_esp_rom.dir/patches/esp_rom_gpio.c.obj
[79/118] Building C object esp-idf/esp_common/CMakeFiles/__idf_esp_common.dir/src/esp_err_to_name.c.obj
[80/118] Building C object esp-idf/log/CMakeFiles/__idf_log.dir/src/noos/util.c.obj
[81/118] Building C object esp-idf/esp_rom/CMakeFiles/__idf_esp_rom.dir/patches/esp_rom_uart.c.obj
[82/118] Building C object esp-idf/esp_hw_support/CMakeFiles/__idf_esp_hw_support.dir/port/esp32/rtc_clk_init.c.obj
[83/118] Building C object esp-idf/log/CMakeFiles/__idf_log.dir/src/noos/log_lock.c.obj
[84/118] Building C object esp-idf/esp_hw_support/CMakeFiles/__idf_esp_hw_support.dir/port/esp32/rtc_init.c.obj
[85/118] Building C object esp-idf/log/CMakeFiles/__idf_log.dir/src/noos/log_timestamp.c.obj
[86/118] Building C object esp-idf/log/CMakeFiles/__idf_log.dir/src/log_timestamp_common.c.obj
[87/118] Building C object esp-idf/log/CMakeFiles/__idf_log.dir/src/util.c.obj
[88/118] Building C object esp-idf/log/CMakeFiles/__idf_log.dir/src/log_print.c.obj
[89/118] Building C object esp-idf/bootloader_support/CMakeFiles/__idf_bootloader_support.dir/src/bootloader_utility.c.obj
[90/118] Building C object esp-idf/log/CMakeFiles/__idf_log.dir/src/log_format_text.c.obj
[91/118] Building C object esp-idf/log/CMakeFiles/__idf_log.dir/src/log.c.obj
[92/118] Building C object esp-idf/efuse/CMakeFiles/__idf_efuse.dir/src/esp_efuse_utility.c.obj
[93/118] Building C object esp-idf/main/CMakeFiles/__idf_main.dir/bootloader_start.c.obj
[94/118] Building C object esp-idf/log/CMakeFiles/__idf_log.dir/src/buffer/log_buffers.c.obj
[95/118] Building C object esp-idf/esp_hw_support/CMakeFiles/__idf_esp_hw_support.dir/port/esp32/rtc_sleep.c.obj
[96/118] Building C object esp-idf/esp_rom/CMakeFiles/__idf_esp_rom.dir/patches/esp_rom_print.c.obj
[97/118] Building C object esp-idf/bootloader_support/CMakeFiles/__idf_bootloader_support.dir/src/esp_image_format.c.obj
[98/118] Building C object esp-idf/esp_hw_support/CMakeFiles/__idf_esp_hw_support.dir/port/esp32/rtc_time.c.obj
[99/118] Linking C static library esp-idf/log/liblog.a
[100/118] Building C object esp-idf/esp_hw_support/CMakeFiles/__idf_esp_hw_support.dir/port/esp32/rtc_clk.c.obj
[101/118] Building C object esp-idf/esp_rom/CMakeFiles/__idf_esp_rom.dir/patches/esp_rom_spiflash.c.obj
[102/118] Linking C static library esp-idf/esp_rom/libesp_rom.a
[103/118] Linking C static library esp-idf/esp_common/libesp_common.a
[104/118] Linking C static library esp-idf/esp_hw_support/libesp_hw_support.a
[105/118] Linking C static library esp-idf/esp_system/libesp_system.a
[106/118] Linking C static library esp-idf/efuse/libefuse.a
[107/118] Linking C static library esp-idf/bootloader_support/libbootloader_support.a
[108/118] Linking C static library esp-idf/esp_bootloader_format/libesp_bootloader_format.a
[109/118] Linking C static library esp-idf/spi_flash/libspi_flash.a
[110/118] Linking C static library esp-idf/hal/libhal.a
[111/118] Building C object esp-idf/micro-ecc/CMakeFiles/__idf_micro-ecc.dir/uECC_verify_antifault.c.obj
[112/118] Linking C static library esp-idf/micro-ecc/libmicro-ecc.a
[113/118] Linking C static library esp-idf/soc/libsoc.a
[114/118] Linking C static library esp-idf/xtensa/libxtensa.a
[115/118] Linking C static library esp-idf/main/libmain.a
[116/118] Linking C executable bootloader.elf
[117/118] Generating binary image from built executable
esptool.py v4.10.0
Creating esp32 image...
Merged 2 ELF sections
Successfully created esp32 image.
Generated /root/Programming/Learning/ESP32/lcd_touch/build/bootloader/bootloader.bin
[118/118] cd /root/Programming/Learning/ESP32/lcd_touch/build/bootloader/esp-idf/esptool_py && /root/.espressif/python_env/idf5.5_py3.13_env/bin/python /root/esp/esp-idf/components/partition_table/check_sizes.py --offset 0x8000 bootloader 0x1000 /root/Programming/Learning/ESP32/lcd_touch/build/bootloader/bootloader.bin
Bootloader binary size 0x6680 bytes. 0x980 bytes (8%) free.
ninja: build stopped: subcommand failed.
ninja failed with exit code 1, output of the command is in the /root/Programming/Learning/ESP32/lcd_touch/build/log/idf_py_stderr_output_85615 and /root/Programming/Learning/ESP32/lcd_touch/build/log/idf_py_stdout_output_85615
